[
  {
    "id": "906f2e82-e6e1-52a4-bb38-6986b258b192",
    "name": "Test Entity 01",
    "createdAt": "2022-06-18T19:21:50+10:00",
    "lastModifiedAt": "2022-07-08T12:34:37+10:00"
  },
  {
    "id": "40c397f2-168e-52c1-8417-5ad4059aca45",
    "name": "Test Entity 02",
    "createdAt": "2022-02-01T12:32:01+10:00",
    "lastModifiedAt": "2022-04-29T23:58:45+10:00"
  },
  {
    "id": "0e038771-4568-54e0-b8c7-16f3d80b4408",
    "name": "Test Entity 03",
    "createdAt": "2022-03-24T23:51:13+10:00",
    "lastModifiedAt": "2022-06-21T11:55:47+10:00"
  }
]
