{
  "name": "John Smith",
  "claims": [
    {
      "type": "http://schemas.xmlsoap.org/ws/2005/05/identity/claims/name",
      "value": "John Smith"
    },
    {
      "type": "http://schemas.xmlsoap.org/ws/2005/05/identity/claims/emailaddress",
      "value": "john.smith@test.account"
    }
  ]
}
